  Determining projects to restore...
  All projects are up-to-date for restore.
  VehicleMarketplace.Domain -> C:\Users\ntshu\.gemini\antigravity\scratch\VehicleMarketplace\src\VehicleMarketplace.Domain\bin\Debug\net9.0\VehicleMarketplace.Domain.dll
C:\Users\ntshu\.gemini\antigravity\scratch\VehicleMarketplace\src\VehicleMarketplace.Application\Common\Interfaces\IImageService.cs(1,17): error CS0234: The type or namespace name 'AspNetCore' does not exist in the namespace 'Microsoft' (are you missing an assembly reference?) [C:\Users\ntshu\.gemini\antigravity\scratch\VehicleMarketplace\src\VehicleMarketplace.Application\VehicleMarketplace.Application.csproj]
C:\Users\ntshu\.gemini\antigravity\scratch\VehicleMarketplace\src\VehicleMarketplace.Application\Common\Interfaces\IImageService.cs(7,39): error CS0246: The type or namespace name 'IFormFile' could not be found (are you missing a using directive or an assembly reference?) [C:\Users\ntshu\.gemini\antigravity\scratch\VehicleMarketplace\src\VehicleMarketplace.Application\VehicleMarketplace.Application.csproj]

Build FAILED.

C:\Users\ntshu\.gemini\antigravity\scratch\VehicleMarketplace\src\VehicleMarketplace.Application\Common\Interfaces\IImageService.cs(1,17): error CS0234: The type or namespace name 'AspNetCore' does not exist in the namespace 'Microsoft' (are you missing an assembly reference?) [C:\Users\ntshu\.gemini\antigravity\scratch\VehicleMarketplace\src\VehicleMarketplace.Application\VehicleMarketplace.Application.csproj]
C:\Users\ntshu\.gemini\antigravity\scratch\VehicleMarketplace\src\VehicleMarketplace.Application\Common\Interfaces\IImageService.cs(7,39): error CS0246: The type or namespace name 'IFormFile' could not be found (are you missing a using directive or an assembly reference?) [C:\Users\ntshu\.gemini\antigravity\scratch\VehicleMarketplace\src\VehicleMarketplace.Application\VehicleMarketplace.Application.csproj]
    0 Warning(s)
    2 Error(s)

Time Elapsed 00:00:02.64

Workload updates are available. Run `dotnet workload list` for more information.
