C:\Users\ntshu\.gemini\antigravity\scratch\VehicleMarketplace\src\VehicleMarketplace.Application\Common\Interfaces\IImageService.cs(1,17): error CS0234: The type or namespace name 'AspNetCore' does not exist in the namespace 'Microsoft' (are you missing an assembly reference?) [C:\Users\ntshu\.gemini\antigravity\scratch\VehicleMarketplace\src\VehicleMarketplace.Application\VehicleMarketplace.Application.csproj]
C:\Users\ntshu\.gemini\antigravity\scratch\VehicleMarketplace\src\VehicleMarketplace.Application\Common\Interfaces\IVehicleMarketplaceDbContext.cs(1,17): error CS0234: The type or namespace name 'EntityFrameworkCore' does not exist in the namespace 'Microsoft' (are you missing an assembly reference?) [C:\Users\ntshu\.gemini\antigravity\scratch\VehicleMarketplace\src\VehicleMarketplace.Application\VehicleMarketplace.Application.csproj]
C:\Users\ntshu\.gemini\antigravity\scratch\VehicleMarketplace\src\VehicleMarketplace.Application\Features\Listings\Queries\GetListings\GetListingsQueryHandler.cs(4,17): error CS0234: The type or namespace name 'EntityFrameworkCore' does not exist in the namespace 'Microsoft' (are you missing an assembly reference?) [C:\Users\ntshu\.gemini\antigravity\scratch\VehicleMarketplace\src\VehicleMarketplace.Application\VehicleMarketplace.Application.csproj]
C:\Users\ntshu\.gemini\antigravity\scratch\VehicleMarketplace\src\VehicleMarketplace.Application\Common\Interfaces\IImageService.cs(7,39): error CS0246: The type or namespace name 'IFormFile' could not be found (are you missing a using directive or an assembly reference?) [C:\Users\ntshu\.gemini\antigravity\scratch\VehicleMarketplace\src\VehicleMarketplace.Application\VehicleMarketplace.Application.csproj]
C:\Users\ntshu\.gemini\antigravity\scratch\VehicleMarketplace\src\VehicleMarketplace.Application\Common\Interfaces\IVehicleMarketplaceDbContext.cs(8,9): error CS0246: The type or namespace name 'DbSet<>' could not be found (are you missing a using directive or an assembly reference?) [C:\Users\ntshu\.gemini\antigravity\scratch\VehicleMarketplace\src\VehicleMarketplace.Application\VehicleMarketplace.Application.csproj]
C:\Users\ntshu\.gemini\antigravity\scratch\VehicleMarketplace\src\VehicleMarketplace.Application\Common\Interfaces\IVehicleMarketplaceDbContext.cs(9,9): error CS0246: The type or namespace name 'DbSet<>' could not be found (are you missing a using directive or an assembly reference?) [C:\Users\ntshu\.gemini\antigravity\scratch\VehicleMarketplace\src\VehicleMarketplace.Application\VehicleMarketplace.Application.csproj]
C:\Users\ntshu\.gemini\antigravity\scratch\VehicleMarketplace\src\VehicleMarketplace.Application\Common\Interfaces\IVehicleMarketplaceDbContext.cs(10,9): error CS0246: The type or namespace name 'DbSet<>' could not be found (are you missing a using directive or an assembly reference?) [C:\Users\ntshu\.gemini\antigravity\scratch\VehicleMarketplace\src\VehicleMarketplace.Application\VehicleMarketplace.Application.csproj]
C:\Users\ntshu\.gemini\antigravity\scratch\VehicleMarketplace\src\VehicleMarketplace.Application\Common\Interfaces\IVehicleMarketplaceDbContext.cs(11,9): error CS0246: The type or namespace name 'DbSet<>' could not be found (are you missing a using directive or an assembly reference?) [C:\Users\ntshu\.gemini\antigravity\scratch\VehicleMarketplace\src\VehicleMarketplace.Application\VehicleMarketplace.Application.csproj]

Build FAILED.
    0 Warning(s)
    8 Error(s)

Time Elapsed 00:00:03.20

Workload updates are available. Run `dotnet workload list` for more information.
